// Jest Snapshot v1, https://goo.gl/fbAQLP

exports[`emails template should return valid template 1`] = `"<span /><span />"`;
