// Jest Snapshot v1, https://goo.gl/fbAQLP

exports[`root template should return valid template 1`] = `
"
  <div class=\\"EmailsInput\\">
    <div />
    <input />
  </div>
"
`;
